
> bolus-ai-frontend@0.1.0 build
> vite build

[36mvite v7.2.7 [32mbuilding client environment for production...[36m[39m
transforming...
[32mÔ£ô[39m 1 modules transformed.
node.exe : [31mÔ£ù[39m 
Build failed in 18ms
En línea: 1 Carácter: 1
+ & "C:\Program 
Files\nodejs/node.exe" 
"C:\Program 
Files\nodejs/node_mo ...
+ ~~~~~~~~~~~~~~~~~~~~~~~~~~~
~~~~~~~~~~~~~~~~~~~~~~~~~~~~~
~~~~~~~~~~~~~
    + CategoryInfo           
   : NotSpecified: ([31mÔ£  
  ù[39m Build failed in 1   
 8ms:String) [], RemoteEx    
ception
    + FullyQualifiedErrorId  
   : NativeCommandError
 
[31merror during build:
[31m[vite:build-html] 
src/main.js (671:0): 
Expression expected[31m
file: [36mD:/bolus_ai/bolus_
ai/frontend/src/main.js:671:0
 (D:/bolus_ai/bolus_ai/fronte
nd/index.html)[31m
[33m
669:   }
670: });
671: }
     ^
672: 
673: function 
renderChangePassword() {
[31m
    at getRollupError (file:/
//D:/bolus_ai/bolus_ai/fronte
nd/node_modules/rollup/dist/e
s/shared/parseAst.js:401:41)
    at ParseError.initialise 
(file:///D:/bolus_ai/bolus_ai
/frontend/node_modules/rollup
/dist/es/shared/node-entry.js
:14469:28)
    at convertNode (file:///D
:/bolus_ai/bolus_ai/frontend/
node_modules/rollup/dist/es/s
hared/node-entry.js:16352:10)
    at convertProgram (file:/
//D:/bolus_ai/bolus_ai/fronte
nd/node_modules/rollup/dist/e
s/shared/node-entry.js:15592:
12)
    at Module.setSource (file
:///D:/bolus_ai/bolus_ai/fron
tend/node_modules/rollup/dist
/es/shared/node-entry.js:1735
2:24)
    at async 
ModuleLoader.addModuleSource 
(file:///D:/bolus_ai/bolus_ai
/frontend/node_modules/rollup
/dist/es/shared/node-entry.js
:21377:13)[39m
