=== FORECAST SIMULATION TEST ===
Scenario: 9g Carbs + 3.5U Insulin (ICR 2.5). Starting BG 130.
Hypothesis: 100min absorption causes low. 180min prevents it.

--- Simulating with Absorption: 100 minutes ---
Min BG: 20.0 mg/dL at 135 min
Ending BG: 20.0 mg/dL
Snapshot every 60m:
  T+0m: 130.0 mg/dL
  T+60m: 60.0 mg/dL
  T+120m: 28.0 mg/dL
  T+180m: 20.0 mg/dL
  T+240m: 20.0 mg/dL
  T+300m: 20.0 mg/dL
  T+360m: 20.0 mg/dL

--- Simulating with Absorption: 180 minutes ---
Min BG: 20.0 mg/dL at 55 min
Ending BG: 20.0 mg/dL
Snapshot every 60m:
  T+0m: 130.0 mg/dL
  T+60m: 20.0 mg/dL
  T+120m: 20.0 mg/dL
  T+180m: 20.0 mg/dL
  T+240m: 20.0 mg/dL
  T+300m: 20.0 mg/dL
  T+360m: 20.0 mg/dL

=== SUMMARY ===
Case A (100 min): Min 20.0
Case B (180 min): Min 20.0
python : Traceback (most 
recent call last):
En línea: 1 Carácter: 1
+ python backend/tests/manual
/simulate_forecast_test.py > 
test_output.t ...
+ ~~~~~~~~~~~~~~~~~~~~~~~~~~~
~~~~~~~~~~~~~~~~~~~~~~~~~~~~~
~~~~~~~~~~~~~
    + CategoryInfo           
   : NotSpecified: (Traceba  
  ck (most recent call las   
 t)::String) [], RemoteEx    
ception
    + FullyQualifiedErrorId  
   : NativeCommandError
 
  File "D:\bolus_ai\bolus_ai\
backend\tests\manual\simulate
_forecast_test.py", line 83, 
in <module>
    main()
    ~~~~^^
  File "D:\bolus_ai\bolus_ai\
backend\tests\manual\simulate
_forecast_test.py", line 78, 
in main
    print("\n\u26a0\ufe0f  
WARNING: Still low even with 
180 min. Maybe ICR 2.5 is 
too aggressive properly?")
    ~~~~~^^^^^^^^^^^^^^^^^^^^
^^^^^^^^^^^^^^^^^^^^^^^^^^^^^
^^^^^^^^^^^^^^^^^^^^^^^^^^^^^
^^^^^^^^^^^
  File "C:\Python314\Lib\enco
dings\cp1252.py", line 19, 
in encode
    return codecs.charmap_enc
ode(input,self.errors,encodin
g_table)[0]
           ~~~~~~~~~~~~~~~~~~
~~~^^^^^^^^^^^^^^^^^^^^^^^^^^
^^^^^^^^
UnicodeEncodeError: 
'charmap' codec can't encode 
characters in position 2-3: 
character maps to <undefined>
