============================= test session starts =============================
platform win32 -- Python 3.14.0, pytest-8.4.2, pluggy-1.6.0
rootdir: D:\bolus_ai\bolus_ai\backend
configfile: pytest.ini
plugins: anyio-4.11.0, asyncio-1.3.0
asyncio: mode=Mode.AUTO, debug=False, asyncio_default_fixture_loop_scope=None, asyncio_default_test_loop_scope=function
collected 0 items / 1 error

=================================== ERRORS ====================================
________________ ERROR collecting tests/test_autosens_flow.py _________________
ImportError while importing test module 'D:\bolus_ai\bolus_ai\backend\tests\test_autosens_flow.py'.
Hint: make sure your test modules/packages have valid Python names.
Traceback:
C:\Python314\Lib\importlib\__init__.py:88: in import_module
    return _bootstrap._gcd_import(name[level:], package, level)
           ^^^^^^^^^^^^^^^^^^^^^^^^^^^^^^^^^^^^^^^^^^^^^^^^^^^^
tests\test_autosens_flow.py:6: in <module>
    from app.api.bolus import save_treatment, BolusAcceptRequest
app\api\__init__.py:6: in <module>
    from .health import router as health_router
app\api\health.py:5: in <module>
    from app import __version__, jobs_state
app\jobs_state.py:6: in <module>
    from app.core.scheduler import get_scheduler
app\core\scheduler.py:2: in <module>
    from apscheduler.schedulers.asyncio import AsyncIOScheduler
E   ModuleNotFoundError: No module named 'apscheduler'
=========================== short test summary info ===========================
ERROR tests/test_autosens_flow.py
!!!!!!!!!!!!!!!!!!! Interrupted: 1 error during collection !!!!!!!!!!!!!!!!!!!!
============================== 1 error in 0.55s ===============================
